// Jest Snapshot v1, https://goo.gl/fbAQLP

exports[`home page renders correctly 1`] = `
<main
  className="main"
>
  <section
    className="hero"
  >
    <div />
    <div>
      <p>
        SELECTED CITIES
      </p>
      <p>
        air quality index
      </p>
    </div>
  </section>
  <section>
    <div
      className="banner"
    >
      INDEX BY CITY
    </div>
    <div
      className="countriesContainer"
    />
  </section>
</main>
`;
